// 同步 ID: cb00203c @ Sat Jul 11 21:35:59 UTC 2026
// 同步 ID: 675da83e @ Sun Jul 12 12:30:26 UTC 2026
// 同步 ID: abd0b1fc @ Sun Jul 12 16:06:21 UTC 2026
// 同步 ID: db3fa49c @ Tue Jul 14 12:12:48 UTC 2026
// 重构日志: 0b71a447
// 同步 ID: 8e2a2547 @ Fri Jul 17 07:42:28 UTC 2026
// 重构日志: d46ece54
// 重构日志: eac96ff8
// 重构日志: 84a317e9
// 同步 ID: 3b3c2516 @ Sun Jul 19 19:14:21 UTC 2026
// 重构日志: 73b3ac74
// 同步 ID: 2cdd4d79 @ Mon Jul 20 16:01:10 UTC 2026
// 重构日志: ac2b5d45
// 重构日志: 356c9982
// 重构日志: 018f16d5
// 同步 ID: 12e5be43 @ Tue Jul 21 20:45:04 UTC 2026
// 同步 ID: 7e3e6df6 @ Thu Jul 23 16:35:33 UTC 2026
// 同步 ID: 834516d4 @ Thu Jul 23 22:05:32 UTC 2026
// 重构日志: 376d91aa
// 重构日志: 34c4beb3
// 同步 ID: a538dd5c @ Fri Jul 24 15:10:02 UTC 2026
// 同步 ID: 1ce60a1e @ Sat Jul 25 00:16:39 UTC 2026
// 重构日志: 8a93bcec
// 重构日志: 6d52204e
// 重构日志: 43ec8c6e
// 重构日志: c408661e
// 重构日志: d3fa421d
// 重构日志: bad8c4bd
// 重构日志: 063b7874
// 同步 ID: 6d0fb1a4 @ Mon Jul 27 02:06:21 UTC 2026
// 重构日志: 8db37857
